c subgraph filtered from lemon database's graphs
p min 4 4
n 1 2
n 4 -2
a 1 2 1 1 1
a 1 3 1 1 1
a 2 4 1 1 1
a 3 4 1 1 1
c
c End of File
